/storage/htc/bdm/zhiye/DNCON4/models/pretrain/dncon4_v3rc_msa/:
4.res152_deepcov_other
3.res152_deepcov_pre_freecontact
2.dres152_deepcov_plm_pearson_pssm
1.dres152_deepcov_cov_ccmpred_pearson_pssm

/storage/htc/bdm/zhiye/DNCON4/models/pretrain/dncon4_v3rc/:
4.res152_deepcov_other
3.res152_deepcov_pre_freecontact
2.dres152_deepcov_plm_pearson_pssm
1.dres152_deepcov_cov_ccmpred_pearson_pssm

/storage/htc/bdm/zhiye/DNCON4/models/pretrain/dncon4_v3msa/:
4.res152_deepcov_other
3.res152_deepcov_pre_freecontact
2.dres152_deepcov_plm_pearson_pssm
1.dres152_deepcov_cov_ccmpred_pearson_pssm

/storage/htc/bdm/zhiye/DNCON4/models/pretrain/dncon4_v3/:
4.res152_deepcov_other
3.res152_deepcov_pre_freecontact
2.dres152_deepcov_plm_pearson_pssm_63.29
2.dres152_deepcov_plm_pearson_pssm
1.dres152_deepcov_cov_ccmpred_pearson_pssm

/storage/htc/bdm/zhiye/DNCON4/models/pretrain/dncon4_v2/:
4.res152_deepcov_other
3.res152_deepcov_pre_freecontact
2.dres152_deepcov_plm_pearson_pssm
1.dres152_deepcov_cov_ccmpred_pearson_pssm

/storage/htc/bdm/zhiye/DNCON4/models/pretrain/dncon4_v1rc/:
4.res152_deepcov_other
3.res152_deepcov_pre_freecontact
2.dres152_deepcov_plm_pearson_pssm
1.dres152_deepcov_cov_ccmpred_pearson_pssm

/storage/htc/bdm/zhiye/DNCON4/models/pretrain/dncon4_v1/:
4.res152_deepcov_other
3.res152_deepcov_pre_freecontact
2.dres152_deepcov_plm_pearson_pssm
1.dres152_deepcov_cov_ccmpred_pearson_pssm


